Importing function:
>>> add_integer = __import__('0-add_integer').add_integer

Two integers test:
>>> add_integer(1, 98)
99

One integer and one float:
>>> add_integer(2.5, 98)
100

Two floats:
>>> add_integer(2.5, 3.5)
5

Positive and negative:
>>> add_integer(5, -2)
3

negative and positive:
>>> add_integer(-8, 2)
-6

Float Overflow:
>>> add_integer(float('inf'), 5)
Traceback (most recent call last):
    ...
OverflowError: cannot convert float infinity to integer

Cannot convert float NaN to integer:
>>> add_integer(float('NaN'), 5)
Traceback (most recent call last):
    ...
ValueError: cannot convert float NaN to integer

Type char and integer:
>>> add_integer("hello", 10)
Traceback (most recent call last):
    ...
TypeError: a must be an integer

Integer and type char:
>>> add_integer(4, "test")
Traceback (most recent call last):
    ...
TypeError: b must be an integer

An integer and empty b:
>>> add_integer(10)
108

An empty function:
>>> add_integer(None)
Traceback (most recent call last):
    ...
TypeError: a must be an integer
