Importing function:
>>> say_my_name = __import__('3-say_my_name').say_my_name

First name should be a string:
>>> say_my_name(12, "White")
Traceback (most recent call last):
    ...
TypeError: first_name must be a string

Last name should be a string:
>>> say_my_name("John", [1,3])
Traceback (most recent call last):
    ...
TypeError: last_name must be a string

First and last name are empty:
>>> say_my_name(None)
Traceback (most recent call last):
    ...
TypeError: first_name must be a string

Last name is empty:
>>> say_my_name("Danny")
My name is Danny 

First name and last name are strings:
>>> say_my_name("Frank", "Zappa")
My name is Frank Zappa
